Archive member included to satisfy reference by file (symbol)

C:/ST/STM32CubeIDE_1.14.0/STM32CubeIDE/plugins/com.st.stm32cube.ide.mcu.externaltools.gnu-tools-for-stm32.11.3.rel1.win32_1.1.100.202309141235/tools/bin/../lib/gcc/arm-none-eabi/11.3.1/../../../../arm-none-eabi/lib/thumb/v7e-m+fp/hard\libc_nano.a(libc_a-exit.o)
                              C:/ST/STM32CubeIDE_1.14.0/STM32CubeIDE/plugins/com.st.stm32cube.ide.mcu.externaltools.gnu-tools-for-stm32.11.3.rel1.win32_1.1.100.202309141235/tools/bin/../lib/gcc/arm-none-eabi/11.3.1/../../../../arm-none-eabi/lib/thumb/v7e-m+fp/hard/crt0.o (exit)
C:/ST/STM32CubeIDE_1.14.0/STM32CubeIDE/plugins/com.st.stm32cube.ide.mcu.externaltools.gnu-tools-for-stm32.11.3.rel1.win32_1.1.100.202309141235/tools/bin/../lib/gcc/arm-none-eabi/11.3.1/../../../../arm-none-eabi/lib/thumb/v7e-m+fp/hard\libc_nano.a(libc_a-findfp.o)
                              C:/ST/STM32CubeIDE_1.14.0/STM32CubeIDE/plugins/com.st.stm32cube.ide.mcu.externaltools.gnu-tools-for-stm32.11.3.rel1.win32_1.1.100.202309141235/tools/bin/../lib/gcc/arm-none-eabi/11.3.1/../../../../arm-none-eabi/lib/thumb/v7e-m+fp/hard\libc_nano.a(libc_a-exit.o) (__stdio_exit_handler)
C:/ST/STM32CubeIDE_1.14.0/STM32CubeIDE/plugins/com.st.stm32cube.ide.mcu.externaltools.gnu-tools-for-stm32.11.3.rel1.win32_1.1.100.202309141235/tools/bin/../lib/gcc/arm-none-eabi/11.3.1/../../../../arm-none-eabi/lib/thumb/v7e-m+fp/hard\libc_nano.a(libc_a-fwalk.o)
                              C:/ST/STM32CubeIDE_1.14.0/STM32CubeIDE/plugins/com.st.stm32cube.ide.mcu.externaltools.gnu-tools-for-stm32.11.3.rel1.win32_1.1.100.202309141235/tools/bin/../lib/gcc/arm-none-eabi/11.3.1/../../../../arm-none-eabi/lib/thumb/v7e-m+fp/hard\libc_nano.a(libc_a-findfp.o) (_fwalk_sglue)
C:/ST/STM32CubeIDE_1.14.0/STM32CubeIDE/plugins/com.st.stm32cube.ide.mcu.externaltools.gnu-tools-for-stm32.11.3.rel1.win32_1.1.100.202309141235/tools/bin/../lib/gcc/arm-none-eabi/11.3.1/../../../../arm-none-eabi/lib/thumb/v7e-m+fp/hard\libc_nano.a(libc_a-stdio.o)
                              C:/ST/STM32CubeIDE_1.14.0/STM32CubeIDE/plugins/com.st.stm32cube.ide.mcu.externaltools.gnu-tools-for-stm32.11.3.rel1.win32_1.1.100.202309141235/tools/bin/../lib/gcc/arm-none-eabi/11.3.1/../../../../arm-none-eabi/lib/thumb/v7e-m+fp/hard\libc_nano.a(libc_a-findfp.o) (__sread)
C:/ST/STM32CubeIDE_1.14.0/STM32CubeIDE/plugins/com.st.stm32cube.ide.mcu.externaltools.gnu-tools-for-stm32.11.3.rel1.win32_1.1.100.202309141235/tools/bin/../lib/gcc/arm-none-eabi/11.3.1/../../../../arm-none-eabi/lib/thumb/v7e-m+fp/hard\libc_nano.a(libc_a-memset.o)
                              C:/ST/STM32CubeIDE_1.14.0/STM32CubeIDE/plugins/com.st.stm32cube.ide.mcu.externaltools.gnu-tools-for-stm32.11.3.rel1.win32_1.1.100.202309141235/tools/bin/../lib/gcc/arm-none-eabi/11.3.1/../../../../arm-none-eabi/lib/thumb/v7e-m+fp/hard/crt0.o (memset)
C:/ST/STM32CubeIDE_1.14.0/STM32CubeIDE/plugins/com.st.stm32cube.ide.mcu.externaltools.gnu-tools-for-stm32.11.3.rel1.win32_1.1.100.202309141235/tools/bin/../lib/gcc/arm-none-eabi/11.3.1/../../../../arm-none-eabi/lib/thumb/v7e-m+fp/hard\libc_nano.a(libc_a-closer.o)
                              C:/ST/STM32CubeIDE_1.14.0/STM32CubeIDE/plugins/com.st.stm32cube.ide.mcu.externaltools.gnu-tools-for-stm32.11.3.rel1.win32_1.1.100.202309141235/tools/bin/../lib/gcc/arm-none-eabi/11.3.1/../../../../arm-none-eabi/lib/thumb/v7e-m+fp/hard\libc_nano.a(libc_a-stdio.o) (_close_r)
C:/ST/STM32CubeIDE_1.14.0/STM32CubeIDE/plugins/com.st.stm32cube.ide.mcu.externaltools.gnu-tools-for-stm32.11.3.rel1.win32_1.1.100.202309141235/tools/bin/../lib/gcc/arm-none-eabi/11.3.1/../../../../arm-none-eabi/lib/thumb/v7e-m+fp/hard\libc_nano.a(libc_a-reent.o)
                              C:/ST/STM32CubeIDE_1.14.0/STM32CubeIDE/plugins/com.st.stm32cube.ide.mcu.externaltools.gnu-tools-for-stm32.11.3.rel1.win32_1.1.100.202309141235/tools/bin/../lib/gcc/arm-none-eabi/11.3.1/../../../../arm-none-eabi/lib/thumb/v7e-m+fp/hard\libc_nano.a(libc_a-closer.o) (errno)
C:/ST/STM32CubeIDE_1.14.0/STM32CubeIDE/plugins/com.st.stm32cube.ide.mcu.externaltools.gnu-tools-for-stm32.11.3.rel1.win32_1.1.100.202309141235/tools/bin/../lib/gcc/arm-none-eabi/11.3.1/../../../../arm-none-eabi/lib/thumb/v7e-m+fp/hard\libc_nano.a(libc_a-impure.o)
                              C:/ST/STM32CubeIDE_1.14.0/STM32CubeIDE/plugins/com.st.stm32cube.ide.mcu.externaltools.gnu-tools-for-stm32.11.3.rel1.win32_1.1.100.202309141235/tools/bin/../lib/gcc/arm-none-eabi/11.3.1/../../../../arm-none-eabi/lib/thumb/v7e-m+fp/hard\libc_nano.a(libc_a-reent.o) (_impure_ptr)
C:/ST/STM32CubeIDE_1.14.0/STM32CubeIDE/plugins/com.st.stm32cube.ide.mcu.externaltools.gnu-tools-for-stm32.11.3.rel1.win32_1.1.100.202309141235/tools/bin/../lib/gcc/arm-none-eabi/11.3.1/../../../../arm-none-eabi/lib/thumb/v7e-m+fp/hard\libc_nano.a(libc_a-lseekr.o)
[...]
Memory Configuration

Name             Origin             Length             Attributes
RAM              0x0000000020000000 0x0000000000018000 xrw
RAM2             0x0000000010000000 0x0000000000008000 xrw
FLASH            0x0000000008000000 0x0000000000100000 xr
*default*        0x0000000000000000 0xffffffffffffffff

Linker script and memory map

LOAD C:/ST/STM32CubeIDE_1.14.0/STM32CubeIDE/plugins/com.st.stm32cube.ide.mcu.externaltools.gnu-tools-for-stm32.11.3.rel1.win32_1.1.100.202309141235/tools/bin/../lib/gcc/arm-none-eabi/11.3.1/thumb/v7e-m+fp/hard/crti.o
LOAD C:/ST/STM32CubeIDE_1.14.0/STM32CubeIDE/plugins/com.st.stm32cube.ide.mcu.externaltools.gnu-tools-for-stm32.11.3.rel1.win32_1.1.100.202309141235/tools/bin/../lib/gcc/arm-none-eabi/11.3.1/thumb/v7e-m+fp/hard/crtbegin.o
LOAD C:/ST/STM32CubeIDE_1.14.0/STM32CubeIDE/plugins/com.st.stm32cube.ide.mcu.externaltools.gnu-tools-for-stm32.11.3.rel1.win32_1.1.100.202309141235/tools/bin/../lib/gcc/arm-none-eabi/11.3.1/../../../../arm-none-eabi/lib/thumb/v7e-m+fp/hard/crt0.o
LOAD ./Core/Src/dma.o
LOAD ./Core/Src/gpio.o
LOAD ./Core/Src/led_control.o
LOAD ./Core/Src/main.o
LOAD ./Core/Src/spi.o
LOAD ./Core/Src/stm32l4xx_hal_msp.o
LOAD ./Core/Src/stm32l4xx_it.o
LOAD ./Core/Src/syscalls.o
LOAD ./Core/Src/sysmem.o
LOAD ./Core/Src/system_stm32l4xx.o
LOAD ./Core/Src/tim.o
LOAD ./Core/Src/usart.o
LOAD ./Core/Startup/startup_stm32l476rgtx.o
LOAD ./Drivers/STM32L4xx_HAL_Driver/Src/stm32l4xx_hal.o
LOAD ./Drivers/STM32L4xx_HAL_Driver/Src/stm32l4xx_hal_cortex.o
LOAD ./Drivers/STM32L4xx_HAL_Driver/Src/stm32l4xx_hal_dma.o
LOAD ./Drivers/STM32L4xx_HAL_Driver/Src/stm32l4xx_hal_dma_ex.o
LOAD ./Drivers/STM32L4xx_HAL_Driver/Src/stm32l4xx_hal_exti.o
LOAD ./Drivers/STM32L4xx_HAL_Driver/Src/stm32l4xx_hal_flash.o
LOAD ./Drivers/STM32L4xx_HAL_Driver/Src/stm32l4xx_hal_flash_ex.o
LOAD ./Drivers/STM32L4xx_HAL_Driver/Src/stm32l4xx_hal_flash_ramfunc.o
LOAD ./Drivers/STM32L4xx_HAL_Driver/Src/stm32l4xx_hal_gpio.o
LOAD ./Drivers/STM32L4xx_HAL_Driver/Src/stm32l4xx_hal_i2c.o
LOAD ./Drivers/STM32L4xx_HAL_Driver/Src/stm32l4xx_hal_i2c_ex.o
LOAD ./Drivers/STM32L4xx_HAL_Driver/Src/stm32l4xx_hal_pwr.o
LOAD ./Drivers/STM32L4xx_HAL_Driver/Src/stm32l4xx_hal_pwr_ex.o
LOAD ./Drivers/STM32L4xx_HAL_Driver/Src/stm32l4xx_hal_rcc.o
LOAD ./Drivers/STM32L4xx_HAL_Driver/Src/stm32l4xx_hal_rcc_ex.o
LOAD ./Drivers/STM32L4xx_HAL_Driver/Src/stm32l4xx_hal_spi.o
LOAD ./Drivers/STM32L4xx_HAL_Driver/Src/stm32l4xx_hal_spi_ex.o
LOAD ./Drivers/STM32L4xx_HAL_Driver/Src/stm32l4xx_hal_tim.o
LOAD ./Drivers/STM32L4xx_HAL_Driver/Src/stm32l4xx_hal_tim_ex.o
LOAD ./Drivers/STM32L4xx_HAL_Driver/Src/stm32l4xx_hal_uart.o
LOAD ./Drivers/STM32L4xx_HAL_Driver/Src/stm32l4xx_hal_uart_ex.o
START GROUP
LOAD C:/ST/STM32CubeIDE_1.14.0/STM32CubeIDE/plugins/com.st.stm32cube.ide.mcu.externaltools.gnu-tools-for-stm32.11.3.rel1.win32_1.1.100.202309141235/tools/bin/../lib/gcc/arm-none-eabi/11.3.1/../../../../arm-none-eabi/lib/thumb/v7e-m+fp/hard\libc_nano.a
LOAD C:/ST/STM32CubeIDE_1.14.0/STM32CubeIDE/plugins/com.st.stm32cube.ide.mcu.externaltools.gnu-tools-for-stm32.11.3.rel1.win32_1.1.100.202309141235/tools/bin/../lib/gcc/arm-none-eabi/11.3.1/../../../../arm-none-eabi/lib/thumb/v7e-m+fp/hard\libm.a
END GROUP
START GROUP
LOAD C:/ST/STM32CubeIDE_1.14.0/STM32CubeIDE/plugins/com.st.stm32cube.ide.mcu.externaltools.gnu-tools-for-stm32.11.3.rel1.win32_1.1.100.202309141235/tools/bin/../lib/gcc/arm-none-eabi/11.3.1/thumb/v7e-m+fp/hard\libgcc.a
LOAD C:/ST/STM32CubeIDE_1.14.0/STM32CubeIDE/plugins/com.st.stm32cube.ide.mcu.externaltools.gnu-tools-for-stm32.11.3.rel1.win32_1.1.100.202309141235/tools/bin/../lib/gcc/arm-none-eabi/11.3.1/../../../../arm-none-eabi/lib/thumb/v7e-m+fp/hard\libc_nano.a
END GROUP
START GROUP
LOAD C:/ST/STM32CubeIDE_1.14.0/STM32CubeIDE/plugins/com.st.stm32cube.ide.mcu.externaltools.gnu-tools-for-stm32.11.3.rel1.win32_1.1.100.202309141235/tools/bin/../lib/gcc/arm-none-eabi/11.3.1/thumb/v7e-m+fp/hard\libgcc.a
LOAD C:/ST/STM32CubeIDE_1.14.0/STM32CubeIDE/plugins/com.st.stm32cube.ide.mcu.externaltools.gnu-tools-for-stm32.11.3.rel1.win32_1.1.100.202309141235/tools/bin/../lib/gcc/arm-none-eabi/11.3.1/../../../../arm-none-eabi/lib/thumb/v7e-m+fp/hard\libc_nano.a
LOAD C:/ST/STM32CubeIDE_1.14.0/STM32CubeIDE/plugins/com.st.stm32cube.ide.mcu.externaltools.gnu-tools-for-stm32.11.3.rel1.win32_1.1.100.202309141235/tools/bin/../lib/gcc/arm-none-eabi/11.3.1/../../../../arm-none-eabi/lib/thumb/v7e-m+fp/hard\libnosys.a
END GROUP
START GROUP
LOAD C:/ST/STM32CubeIDE_1.14.0/STM32CubeIDE/plugins/com.st.stm32cube.ide.mcu.externaltools.gnu-tools-for-stm32.11.3.rel1.win32_1.1.100.202309141235/tools/bin/../lib/gcc/arm-none-eabi/11.3.1/thumb/v7e-m+fp/hard\libgcc.a
LOAD C:/ST/STM32CubeIDE_1.14.0/STM32CubeIDE/plugins/com.st.stm32cube.ide.mcu.externaltools.gnu-tools-for-stm32.11.3.rel1.win32_1.1.100.202309141235/tools/bin/../lib/gcc/arm-none-eabi/11.3.1/../../../../arm-none-eabi/lib/thumb/v7e-m+fp/hard\libc_nano.a
LOAD C:/ST/STM32CubeIDE_1.14.0/STM32CubeIDE/plugins/com.st.stm32cube.ide.mcu.externaltools.gnu-tools-for-stm32.11.3.rel1.win32_1.1.100.202309141235/tools/bin/../lib/gcc/arm-none-eabi/11.3.1/../../../../arm-none-eabi/lib/thumb/v7e-m+fp/hard\libnosys.a
END GROUP
LOAD C:/ST/STM32CubeIDE_1.14.0/STM32CubeIDE/plugins/com.st.stm32cube.ide.mcu.externaltools.gnu-tools-for-stm32.11.3.rel1.win32_1.1.100.202309141235/tools/bin/../lib/gcc/arm-none-eabi/11.3.1/thumb/v7e-m+fp/hard/crtend.o
LOAD C:/ST/STM32CubeIDE_1.14.0/STM32CubeIDE/plugins/com.st.stm32cube.ide.mcu.externaltools.gnu-tools-for-stm32.11.3.rel1.win32_1.1.100.202309141235/tools/bin/../lib/gcc/arm-none-eabi/11.3.1/thumb/v7e-m+fp/hard/crtn.o
                0x0000000020018000                _estack = (ORIGIN (RAM) + LENGTH (RAM))
                0x0000000000000200                _Min_Heap_Size = 0x200
                0x0000000000000400                _Min_Stack_Size = 0x400

.isr_vector     0x0000000008000000      0x188
                0x0000000008000000                . = ALIGN (0x4)
 *(.isr_vector)
 .isr_vector    0x0000000008000000      0x188 ./Core/Startup/startup_stm32l476rgtx.o
                0x0000000008000000                g_pfnVectors
                0x0000000008000188                . = ALIGN (0x4)

.text           0x0000000008000188     0x4cb8
                0x0000000008000188                . = ALIGN (0x4)
 *(.text)
 .text          0x0000000008000188       0x40 C:/ST/STM32CubeIDE_1.14.0/STM32CubeIDE/plugins/com.st.stm32cube.ide.mcu.externaltools.gnu-tools-for-stm32.11.3.rel1.win32_1.1.100.202309141235/tools/bin/../lib/gcc/arm-none-eabi/11.3.1/thumb/v7e-m+fp/hard/crtbegin.o
 .text          0x00000000080001c8       0x30 C:/ST/STM32CubeIDE_1.14.0/STM32CubeIDE/plugins/com.st.stm32cube.ide.mcu.externaltools.gnu-tools-for-stm32.11.3.rel1.win32_1.1.100.202309141235/tools/bin/../lib/gcc/arm-none-eabi/11.3.1/thumb/v7e-m+fp/hard\libgcc.a(_aeabi_uldivmod.o)
                0x00000000080001c8                __aeabi_uldivmod
 .text          0x00000000080001f8      0x2c8 C:/ST/STM32CubeIDE_1.14.0/STM32CubeIDE/plugins/com.st.stm32cube.ide.mcu.externaltools.gnu-tools-for-stm32.11.3.rel1.win32_1.1.100.202309141235/tools/bin/../lib/gcc/arm-none-eabi/11.3.1/thumb/v7e-m+fp/hard\libgcc.a(_udivmoddi4.o)
                0x00000000080001f8                __udivmoddi4
 .text          0x00000000080004c0        0x4 C:/ST/STM32CubeIDE_1.14.0/STM32CubeIDE/plugins/com.st.stm32cube.ide.mcu.externaltools.gnu-tools-for-stm32.11.3.rel1.win32_1.1.100.202309141235/tools/bin/../lib/gcc/arm-none-eabi/11.3.1/thumb/v7e-m+fp/hard\libgcc.a(_dvmd_tls.o)
                0x00000000080004c0                __aeabi_idiv0
                0x00000000080004c0                __aeabi_ldiv0
 *(.text*)
 .text.MX_DMA_Init
                0x00000000080004c4       0x3c ./Core/Src/dma.o
                0x00000000080004c4                MX_DMA_Init
 .text.MX_GPIO_Init
                0x0000000008000500       0xa4 ./Core/Src/gpio.o
                0x0000000008000500                MX_GPIO_Init
 .text.led_init
                0x00000000080005a4       0x3c ./Core/Src/led_control.o
                0x00000000080005a4                led_init
 .text.led_setDiodeColor
                0x00000000080005e0      0x150 ./Core/Src/led_control.o
                0x00000000080005e0                led_setDiodeColor
 .text.led_update
                0x0000000008000730       0x20 ./Core/Src/led_control.o
                0x0000000008000730                led_update
 .text.main     0x0000000008000750      0x138 ./Core/Src/main.o
                0x0000000008000750                main
 .text.SystemClock_Config
                0x0000000008000888       0xa2 ./Core/Src/main.o
                0x0000000008000888                SystemClock_Config
 .text.Error_Handler
                0x000000000800092a        0xa ./Core/Src/main.o
                0x000000000800092a                Error_Handler
 .text.MX_SPI1_Init
                0x0000000008000934       0x7c ./Core/Src/spi.o
                0x0000000008000934                MX_SPI1_Init
 .text.HAL_SPI_MspInit
                0x00000000080009b0       0x84 ./Core/Src/spi.o
                0x00000000080009b0                HAL_SPI_MspInit
 .text.HAL_MspInit
                0x0000000008000a34       0x48 ./Core/Src/stm32l4xx_hal_msp.o
                0x0000000008000a34                HAL_MspInit
 .text.NMI_Handler
                0x0000000008000a7c        0x6 ./Core/Src/stm32l4xx_it.o
                0x0000000008000a7c                NMI_Handler
 .text.HardFault_Handler
                0x0000000008000a82        0x6 ./Core/Src/stm32l4xx_it.o
                0x0000000008000a82                HardFault_Handler
 .text.MemManage_Handler
                0x0000000008000a88        0x6 ./Core/Src/stm32l4xx_it.o
                0x0000000008000a88                MemManage_Handler
 .text.BusFault_Handler
                0x0000000008000a8e        0x6 ./Core/Src/stm32l4xx_it.o
                0x0000000008000a8e                BusFault_Handler
 .text.UsageFault_Handler
                0x0000000008000a94        0x6 ./Core/Src/stm32l4xx_it.o
                0x0000000008000a94                UsageFault_Handler
 .text.SVC_Handler
                0x0000000008000a9a        0xe ./Core/Src/stm32l4xx_it.o
                0x0000000008000a9a                SVC_Handler
 .text.DebugMon_Handler
                0x0000000008000aa8        0xe ./Core/Src/stm32l4xx_it.o
                0x0000000008000aa8                DebugMon_Handler
 .text.PendSV_Handler
                0x0000000008000ab6        0xe ./Core/Src/stm32l4xx_it.o
                0x0000000008000ab6                PendSV_Handler
 .text.SysTick_Handler
                0x0000000008000ac4        0xc ./Core/Src/stm32l4xx_it.o
                0x0000000008000ac4                SysTick_Handler
 .text.DMA1_Channel6_IRQHandler
                0x0000000008000ad0       0x14 ./Core/Src/stm32l4xx_it.o
                0x0000000008000ad0                DMA1_Channel6_IRQHandler
 .text.SystemInit
                0x0000000008000ae4       0x24 ./Core/Src/system_stm32l4xx.o
                0x0000000008000ae4                SystemInit
 .text.MX_TIM3_Init
                0x0000000008000b08       0xec ./Core/Src/tim.o
                0x0000000008000b08                MX_TIM3_Init
 .text.HAL_TIM_Base_MspInit
                0x0000000008000bf4       0xa4 ./Core/Src/tim.o
                0x0000000008000bf4                HAL_TIM_Base_MspInit
 .text.HAL_TIM_MspPostInit
                0x0000000008000c98       0x6c ./Core/Src/tim.o
                0x0000000008000c98                HAL_TIM_MspPostInit
 .text.MX_USART2_UART_Init
                0x0000000008000d04       0x60 ./Core/Src/usart.o
                0x0000000008000d04                MX_USART2_UART_Init
 .text.HAL_UART_MspInit
                0x0000000008000d64       0xb8 ./Core/Src/usart.o
                0x0000000008000d64                HAL_UART_MspInit
 .text.Reset_Handler
                0x0000000008000e1c       0x50 ./Core/Startup/startup_stm32l476rgtx.o
                0x0000000008000e1c                Reset_Handler
 .text.Default_Handler
                0x0000000008000e6c        0x2 ./Core/Startup/startup_stm32l476rgtx.o
                0x0000000008000e6c                RTC_Alarm_IRQHandler
                0x0000000008000e6c                EXTI2_IRQHandler
                0x0000000008000e6c                TIM8_TRG_COM_IRQHandler
                0x0000000008000e6c                TIM8_CC_IRQHandler
                0x0000000008000e6c                TIM1_CC_IRQHandler
                0x0000000008000e6c                TSC_IRQHandler
                0x0000000008000e6c                TAMP_STAMP_IRQHandler
                0x0000000008000e6c                EXTI3_IRQHandler
                0x0000000008000e6c                LPTIM2_IRQHandler
                0x0000000008000e6c                DFSDM1_FLT1_IRQHandler
                0x0000000008000e6c                I2C3_ER_IRQHandler
                0x0000000008000e6c                DFSDM1_FLT2_IRQHandler
                0x0000000008000e6c                EXTI0_IRQHandler
                0x0000000008000e6c                I2C2_EV_IRQHandler
                0x0000000008000e6c                CAN1_RX0_IRQHandler
                0x0000000008000e6c                FPU_IRQHandler
                0x0000000008000e6c                TIM1_UP_TIM16_IRQHandler
                0x0000000008000e6c                ADC1_2_IRQHandler
                0x0000000008000e6c                SPI1_IRQHandler
                0x0000000008000e6c                TIM6_DAC_IRQHandler
                0x0000000008000e6c                TIM8_UP_IRQHandler
                0x0000000008000e6c                DMA2_Channel2_IRQHandler
                0x0000000008000e6c                DMA1_Channel4_IRQHandler
                0x0000000008000e6c                SAI2_IRQHandler
                0x0000000008000e6c                DFSDM1_FLT3_IRQHandler
                0x0000000008000e6c                USART3_IRQHandler
                0x0000000008000e6c                DMA1_Channel7_IRQHandler
                0x0000000008000e6c                CAN1_RX1_IRQHandler
                0x0000000008000e6c                LCD_IRQHandler
                0x0000000008000e6c                UART5_IRQHandler
                0x0000000008000e6c                ADC3_IRQHandler
                0x0000000008000e6c                TIM4_IRQHandler
                0x0000000008000e6c                DMA2_Channel1_IRQHandler
                0x0000000008000e6c                QUADSPI_IRQHandler
                0x0000000008000e6c                I2C1_EV_IRQHandler
                0x0000000008000e6c                UART4_IRQHandler
                0x0000000008000e6c                DMA2_Channel4_IRQHandler
                0x0000000008000e6c                TIM3_IRQHandler
                0x0000000008000e6c                RCC_IRQHandler
                0x0000000008000e6c                DMA1_Channel1_IRQHandler
                0x0000000008000e6c                Default_Handler
                0x0000000008000e6c                DMA2_Channel7_IRQHandler
                0x0000000008000e6c                EXTI15_10_IRQHandler
                0x0000000008000e6c                TIM7_IRQHandler
                0x0000000008000e6c                SDMMC1_IRQHandler
                0x0000000008000e6c                TIM5_IRQHandler
                0x0000000008000e6c                I2C3_EV_IRQHandler
                0x0000000008000e6c                EXTI9_5_IRQHandler
                0x0000000008000e6c                RTC_WKUP_IRQHandler
                0x0000000008000e6c                PVD_PVM_IRQHandler
                0x0000000008000e6c                SPI2_IRQHandler
                0x0000000008000e6c                CAN1_TX_IRQHandler
                0x0000000008000e6c                DMA2_Channel5_IRQHandler
                0x0000000008000e6c                DMA1_Channel5_IRQHandler
                0x0000000008000e6c                EXTI4_IRQHandler
                0x0000000008000e6c                RNG_IRQHandler
                0x0000000008000e6c                TIM1_TRG_COM_TIM17_IRQHandler
                0x0000000008000e6c                DMA1_Channel3_IRQHandler
                0x0000000008000e6c                COMP_IRQHandler
                0x0000000008000e6c                WWDG_IRQHandler
                0x0000000008000e6c                LPUART1_IRQHandler
                0x0000000008000e6c                DMA2_Channel6_IRQHandler
                0x0000000008000e6c                TIM2_IRQHandler
                0x0000000008000e6c                EXTI1_IRQHandler
                0x0000000008000e6c                USART2_IRQHandler
                0x0000000008000e6c                DFSDM1_FLT0_IRQHandler
                0x0000000008000e6c                I2C2_ER_IRQHandler
                0x0000000008000e6c                DMA1_Channel2_IRQHandler
                0x0000000008000e6c                TIM8_BRK_IRQHandler
                0x0000000008000e6c                CAN1_SCE_IRQHandler
                0x0000000008000e6c                FLASH_IRQHandler
                0x0000000008000e6c                USART1_IRQHandler
                0x0000000008000e6c                OTG_FS_IRQHandler
                0x0000000008000e6c                SPI3_IRQHandler
                0x0000000008000e6c                I2C1_ER_IRQHandler
                0x0000000008000e6c                FMC_IRQHandler
                0x0000000008000e6c                SWPMI1_IRQHandler
                0x0000000008000e6c                LPTIM1_IRQHandler
                0x0000000008000e6c                SAI1_IRQHandler
                0x0000000008000e6c                DMA2_Channel3_IRQHandler
                0x0000000008000e6c                TIM1_BRK_TIM15_IRQHandler
 .text.HAL_Init
                0x0000000008000e6e       0x30 ./Drivers/STM32L4xx_HAL_Driver/Src/stm32l4xx_hal.o
                0x0000000008000e6e                HAL_Init
 *fill*         0x0000000008000e9e        0x2 
 .text.HAL_InitTick
                0x0000000008000ea0       0x78 ./Drivers/STM32L4xx_HAL_Driver/Src/stm32l4xx_hal.o
                0x0000000008000ea0                HAL_InitTick
 .text.HAL_IncTick
                0x0000000008000f18       0x28 ./Drivers/STM32L4xx_HAL_Driver/Src/stm32l4xx_hal.o
                0x0000000008000f18                HAL_IncTick
 .text.HAL_GetTick
                0x0000000008000f40       0x18 ./Drivers/STM32L4xx_HAL_Driver/Src/stm32l4xx_hal.o
                0x0000000008000f40                HAL_GetTick
 .text.HAL_Delay
                0x0000000008000f58       0x48 ./Drivers/STM32L4xx_HAL_Driver/Src/stm32l4xx_hal.o
                0x0000000008000f58                HAL_Delay
 .text.__NVIC_SetPriorityGrouping
                0x0000000008000fa0       0x48 ./Drivers/STM32L4xx_HAL_Driver/Src/stm32l4xx_hal_cortex.o
 .text.__NVIC_GetPriorityGrouping
                0x0000000008000fe8       0x1c ./Drivers/STM32L4xx_HAL_Driver/Src/stm32l4xx_hal_cortex.o
 .text.__NVIC_EnableIRQ
                0x0000000008001004       0x3c ./Drivers/STM32L4xx_HAL_Driver/Src/stm32l4xx_hal_cortex.o
 .text.__NVIC_SetPriority
                0x0000000008001040       0x54 ./Drivers/STM32L4xx_HAL_Driver/Src/stm32l4xx_hal_cortex.o
 .text.NVIC_EncodePriority
                0x0000000008001094       0x66 ./Drivers/STM32L4xx_HAL_Driver/Src/stm32l4xx_hal_cortex.o
 *fill*         0x00000000080010fa        0x2 
 .text.SysTick_Config
                0x00000000080010fc       0x44 ./Drivers/STM32L4xx_HAL_Driver/Src/stm32l4xx_hal_cortex.o
 .text.HAL_NVIC_SetPriorityGrouping
                0x0000000008001140       0x16 ./Drivers/STM32L4xx_HAL_Driver/Src/stm32l4xx_hal_cortex.o
                0x0000000008001140                HAL_NVIC_SetPriorityGrouping
 .text.HAL_NVIC_SetPriority
                0x0000000008001156       0x38 ./Drivers/STM32L4xx_HAL_Driver/Src/stm32l4xx_hal_cortex.o
                0x0000000008001156                HAL_NVIC_SetPriority
 .text.HAL_NVIC_EnableIRQ
                0x000000000800118e       0x1c ./Drivers/STM32L4xx_HAL_Driver/Src/stm32l4xx_hal_cortex.o
                0x000000000800118e                HAL_NVIC_EnableIRQ
 .text.HAL_SYSTICK_Config
                0x00000000080011aa       0x18 ./Drivers/STM32L4xx_HAL_Driver/Src/stm32l4xx_hal_cortex.o
                0x00000000080011aa                HAL_SYSTICK_Config
 *fill*         0x00000000080011c2        0x2 
 .text.HAL_DMA_Init
                0x00000000080011c4      0x170 ./Drivers/STM32L4xx_HAL_Driver/Src/stm32l4xx_hal_dma.o
                0x00000000080011c4                HAL_DMA_Init
 .text.HAL_DMA_IRQHandler
                0x0000000008001334      0x15e ./Drivers/STM32L4xx_HAL_Driver/Src/stm32l4xx_hal_dma.o
                0x0000000008001334                HAL_DMA_IRQHandler
 *fill*         0x0000000008001492        0x2 
 .text.HAL_GPIO_Init
                0x0000000008001494      0x354 ./Drivers/STM32L4xx_HAL_Driver/Src/stm32l4xx_hal_gpio.o
                0x0000000008001494                HAL_GPIO_Init
 .text.HAL_PWREx_GetVoltageRange
                0x00000000080017e8       0x1c ./Drivers/STM32L4xx_HAL_Driver/Src/stm32l4xx_hal_pwr_ex.o
                0x00000000080017e8                HAL_PWREx_GetVoltageRange
 .text.HAL_PWREx_ControlVoltageScaling
                0x0000000008001804       0xac ./Drivers/STM32L4xx_HAL_Driver/Src/stm32l4xx_hal_pwr_ex.o
                0x0000000008001804                HAL_PWREx_ControlVoltageScaling
 .text.HAL_RCC_OscConfig
                0x00000000080018b0      0x7b8 ./Drivers/STM32L4xx_HAL_Driver/Src/stm32l4xx_hal_rcc.o
                0x00000000080018b0                HAL_RCC_OscConfig
 .text.HAL_RCC_ClockConfig
                0x0000000008002068      0x200 ./Drivers/STM32L4xx_HAL_Driver/Src/stm32l4xx_hal_rcc.o
                0x0000000008002068                HAL_RCC_ClockConfig
 .text.HAL_RCC_GetSysClockFreq
                0x0000000008002268      0x118 ./Drivers/STM32L4xx_HAL_Driver/Src/stm32l4xx_hal_rcc.o
                0x0000000008002268                HAL_RCC_GetSysClockFreq
 .text.HAL_RCC_GetHCLKFreq
                0x0000000008002380       0x18 ./Drivers/STM32L4xx_HAL_Driver/Src/stm32l4xx_hal_rcc.o
                0x0000000008002380                HAL_RCC_GetHCLKFreq
 .text.HAL_RCC_GetPCLK1Freq
                0x0000000008002398       0x2c ./Drivers/STM32L4xx_HAL_Driver/Src/stm32l4xx_hal_rcc.o
                0x0000000008002398                HAL_RCC_GetPCLK1Freq
 .text.HAL_RCC_GetPCLK2Freq
                0x00000000080023c4       0x2c ./Drivers/STM32L4xx_HAL_Driver/Src/stm32l4xx_hal_rcc.o
                0x00000000080023c4                HAL_RCC_GetPCLK2Freq
 .text.RCC_SetFlashLatencyFromMSIRange
                0x00000000080023f0       0xc0 ./Drivers/STM32L4xx_HAL_Driver/Src/stm32l4xx_hal_rcc.o
 .text.HAL_RCCEx_PeriphCLKConfig
                0x00000000080024b0      0x5d4 ./Drivers/STM32L4xx_HAL_Driver/Src/stm32l4xx_hal_rcc_ex.o
                0x00000000080024b0                HAL_RCCEx_PeriphCLKConfig
 .text.RCCEx_PLLSAI1_Config
                0x0000000008002a84      0x1e8 ./Drivers/STM32L4xx_HAL_Driver/Src/stm32l4xx_hal_rcc_ex.o
 .text.RCCEx_PLLSAI2_Config
                0x0000000008002c6c      0x1bc ./Drivers/STM32L4xx_HAL_Driver/Src/stm32l4xx_hal_rcc_ex.o
 .text.HAL_SPI_Init
                0x0000000008002e28      0x146 ./Drivers/STM32L4xx_HAL_Driver/Src/stm32l4xx_hal_spi.o
                0x0000000008002e28                HAL_SPI_Init
 .text.HAL_SPI_Transmit
                0x0000000008002f6e      0x2ec ./Drivers/STM32L4xx_HAL_Driver/Src/stm32l4xx_hal_spi.o
                0x0000000008002f6e                HAL_SPI_Transmit
 *fill*         0x000000000800325a        0x2 
 .text.SPI_WaitFlagStateUntilTimeout
                0x000000000800325c      0x110 ./Drivers/STM32L4xx_HAL_Driver/Src/stm32l4xx_hal_spi.o
 .text.SPI_WaitFifoStateUntilTimeout
                0x000000000800336c      0x12c ./Drivers/STM32L4xx_HAL_Driver/Src/stm32l4xx_hal_spi.o
 .text.SPI_EndRxTxTransaction
                0x0000000008003498       0x8c ./Drivers/STM32L4xx_HAL_Driver/Src/stm32l4xx_hal_spi.o
 .text.HAL_TIM_Base_Init
                0x0000000008003524       0xae ./Drivers/STM32L4xx_HAL_Driver/Src/stm32l4xx_hal_tim.o
                0x0000000008003524                HAL_TIM_Base_Init
 .text.HAL_TIM_PWM_Init
                0x00000000080035d2       0xae ./Drivers/STM32L4xx_HAL_Driver/Src/stm32l4xx_hal_tim.o
                0x00000000080035d2                HAL_TIM_PWM_Init
 .text.HAL_TIM_PWM_MspInit
                0x0000000008003680       0x14 ./Drivers/STM32L4xx_HAL_Driver/Src/stm32l4xx_hal_tim.o
                0x0000000008003680                HAL_TIM_PWM_MspInit
 .text.HAL_TIM_PWM_ConfigChannel
                0x0000000008003694      0x228 ./Drivers/STM32L4xx_HAL_Driver/Src/stm32l4xx_hal_tim.o
                0x0000000008003694                HAL_TIM_PWM_ConfigChannel
 .text.HAL_TIM_ConfigClockSource
                0x00000000080038bc      0x192 ./Drivers/STM32L4xx_HAL_Driver/Src/stm32l4xx_hal_tim.o
                0x00000000080038bc                HAL_TIM_ConfigClockSource
 *fill*         0x0000000008003a4e        0x2 
 .text.TIM_Base_SetConfig
                0x0000000008003a50      0x14c ./Drivers/STM32L4xx_HAL_Driver/Src/stm32l4xx_hal_tim.o
                0x0000000008003a50                TIM_Base_SetConfig
 .text.TIM_OC1_SetConfig
                0x0000000008003b9c      0x120 ./Drivers/STM32L4xx_HAL_Driver/Src/stm32l4xx_hal_tim.o
 .text.TIM_OC2_SetConfig
                0x0000000008003cbc      0x114 ./Drivers/STM32L4xx_HAL_Driver/Src/stm32l4xx_hal_tim.o
                0x0000000008003cbc                TIM_OC2_SetConfig
 .text.TIM_OC3_SetConfig
                0x0000000008003dd0      0x110 ./Drivers/STM32L4xx_HAL_Driver/Src/stm32l4xx_hal_tim.o
 .text.TIM_OC4_SetConfig
                0x0000000008003ee0       0xd4 ./Drivers/STM32L4xx_HAL_Driver/Src/stm32l4xx_hal_tim.o
 .text.TIM_OC5_SetConfig
                0x0000000008003fb4       0xc8 ./Drivers/STM32L4xx_HAL_Driver/Src/stm32l4xx_hal_tim.o
 .text.TIM_OC6_SetConfig
                0x000000000800407c       0xcc ./Drivers/STM32L4xx_HAL_Driver/Src/stm32l4xx_hal_tim.o
 .text.TIM_TI1_ConfigInputStage
                0x0000000008004148       0x5e ./Drivers/STM32L4xx_HAL_Driver/Src/stm32l4xx_hal_tim.o
 .text.TIM_TI2_ConfigInputStage
                0x00000000080041a6       0x60 ./Drivers/STM32L4xx_HAL_Driver/Src/stm32l4xx_hal_tim.o
 .text.TIM_ITRx_SetConfig
                0x0000000008004206       0x36 ./Drivers/STM32L4xx_HAL_Driver/Src/stm32l4xx_hal_tim.o
 .text.TIM_ETR_SetConfig
                0x000000000800423c       0x40 ./Drivers/STM32L4xx_HAL_Driver/Src/stm32l4xx_hal_tim.o
                0x000000000800423c                TIM_ETR_SetConfig
 .text.HAL_TIMEx_MasterConfigSynchronization
                0x000000000800427c      0x110 ./Drivers/STM32L4xx_HAL_Driver/Src/stm32l4xx_hal_tim_ex.o
                0x000000000800427c                HAL_TIMEx_MasterConfigSynchronization
 .text.HAL_UART_Init
                0x000000000800438c       0x9c ./Drivers/STM32L4xx_HAL_Driver/Src/stm32l4xx_hal_uart.o
                0x000000000800438c                HAL_UART_Init
 .text.UART_SetConfig
                0x0000000008004428      0x570 ./Drivers/STM32L4xx_HAL_Driver/Src/stm32l4xx_hal_uart.o
                0x0000000008004428                UART_SetConfig
 .text.UART_AdvFeatureConfig
                0x0000000008004998      0x144 ./Drivers/STM32L4xx_HAL_Driver/Src/stm32l4xx_hal_uart.o
                0x0000000008004998                UART_AdvFeatureConfig
 .text.UART_CheckIdleState
                0x0000000008004adc      0x150 ./Drivers/STM32L4xx_HAL_Driver/Src/stm32l4xx_hal_uart.o
                0x0000000008004adc                UART_CheckIdleState
 .text.UART_WaitOnFlagUntilTimeout
                0x0000000008004c2c       0xda ./Drivers/STM32L4xx_HAL_Driver/Src/stm32l4xx_hal_uart.o
                0x0000000008004c2c                UART_WaitOnFlagUntilTimeout
 .text.UART_EndRxTransfer
                0x0000000008004d06       0xc8 ./Drivers/STM32L4xx_HAL_Driver/Src/stm32l4xx_hal_uart.o
 .text.memset   0x0000000008004dce       0x10 C:/ST/STM32CubeIDE_1.14.0/STM32CubeIDE/plugins/com.st.stm32cube.ide.mcu.externaltools.gnu-tools-for-stm32.11.3.rel1.win32_1.1.100.202309141235/tools/bin/../lib/gcc/arm-none-eabi/11.3.1/../../../../arm-none-eabi/lib/thumb/v7e-m+fp/hard\libc_nano.a(libc_a-memset.o)
                0x0000000008004dce                memset
 *fill*         0x0000000008004dde        0x2 
 .text.__libc_init_array
                0x0000000008004de0       0x48 C:/ST/STM32CubeIDE_1.14.0/STM32CubeIDE/plugins/com.st.stm32cube.ide.mcu.externaltools.gnu-tools-for-stm32.11.3.rel1.win32_1.1.100.202309141235/tools/bin/../lib/gcc/arm-none-eabi/11.3.1/../../../../arm-none-eabi/lib/thumb/v7e-m+fp/hard\libc_nano.a(libc_a-init.o)
                0x0000000008004de0                __libc_init_array
 *(.glue_7)
 .glue_7        0x0000000008004e28        0x0 linker stubs
 *(.glue_7t)
 .glue_7t       0x0000000008004e28        0x0 linker stubs
 *(.eh_frame)
 .eh_frame      0x0000000008004e28        0x0 C:/ST/STM32CubeIDE_1.14.0/STM32CubeIDE/plugins/com.st.stm32cube.ide.mcu.externaltools.gnu-tools-for-stm32.11.3.rel1.win32_1.1.100.202309141235/tools/bin/../lib/gcc/arm-none-eabi/11.3.1/thumb/v7e-m+fp/hard/crtbegin.o
 *(.init)
 .init          0x0000000008004e28        0x4 C:/ST/STM32CubeIDE_1.14.0/STM32CubeIDE/plugins/com.st.stm32cube.ide.mcu.externaltools.gnu-tools-for-stm32.11.3.rel1.win32_1.1.100.202309141235/tools/bin/../lib/gcc/arm-none-eabi/11.3.1/thumb/v7e-m+fp/hard/crti.o
                0x0000000008004e28                _init
 .init          0x0000000008004e2c        0x8 C:/ST/STM32CubeIDE_1.14.0/STM32CubeIDE/plugins/com.st.stm32cube.ide.mcu.externaltools.gnu-tools-for-stm32.11.3.rel1.win32_1.1.100.202309141235/tools/bin/../lib/gcc/arm-none-eabi/11.3.1/thumb/v7e-m+fp/hard/crtn.o
 *(.fini)
 .fini          0x0000000008004e34        0x4 C:/ST/STM32CubeIDE_1.14.0/STM32CubeIDE/plugins/com.st.stm32cube.ide.mcu.externaltools.gnu-tools-for-stm32.11.3.rel1.win32_1.1.100.202309141235/tools/bin/../lib/gcc/arm-none-eabi/11.3.1/thumb/v7e-m+fp/hard/crti.o
                0x0000000008004e34                _fini
 .fini          0x0000000008004e38        0x8 C:/ST/STM32CubeIDE_1.14.0/STM32CubeIDE/plugins/com.st.stm32cube.ide.mcu.externaltools.gnu-tools-for-stm32.11.3.rel1.win32_1.1.100.202309141235/tools/bin/../lib/gcc/arm-none-eabi/11.3.1/thumb/v7e-m+fp/hard/crtn.o
                0x0000000008004e40                . = ALIGN (0x4)
                0x0000000008004e40                _etext = .

.vfp11_veneer   0x0000000008004e40        0x0
 .vfp11_veneer  0x0000000008004e40        0x0 linker stubs

.v4_bx          0x0000000008004e40        0x0
 .v4_bx         0x0000000008004e40        0x0 linker stubs

.iplt           0x0000000008004e40        0x0
 .iplt          0x0000000008004e40        0x0 C:/ST/STM32CubeIDE_1.14.0/STM32CubeIDE/plugins/com.st.stm32cube.ide.mcu.externaltools.gnu-tools-for-stm32.11.3.rel1.win32_1.1.100.202309141235/tools/bin/../lib/gcc/arm-none-eabi/11.3.1/thumb/v7e-m+fp/hard/crtbegin.o

.rodata         0x0000000008004e40       0x48
                0x0000000008004e40                . = ALIGN (0x4)
 *(.rodata)
 *(.rodata*)
 .rodata.AHBPrescTable
                0x0000000008004e40       0x10 ./Core/Src/system_stm32l4xx.o
                0x0000000008004e40                AHBPrescTable
 .rodata.APBPrescTable
                0x0000000008004e50        0x8 ./Core/Src/system_stm32l4xx.o
                0x0000000008004e50                APBPrescTable
 .rodata.MSIRangeTable
                0x0000000008004e58       0x30 ./Core/Src/system_stm32l4xx.o
                0x0000000008004e58                MSIRangeTable
                0x0000000008004e88                . = ALIGN (0x4)

.ARM.extab      0x0000000008004e88        0x0
                0x0000000008004e88                . = ALIGN (0x4)
 *(.ARM.extab* .gnu.linkonce.armextab.*)
                0x0000000008004e88                . = ALIGN (0x4)

.ARM            0x0000000008004e88        0x8
                0x0000000008004e88                . = ALIGN (0x4)
                0x0000000008004e88                __exidx_start = .
 *(.ARM.exidx*)
 .ARM.exidx     0x0000000008004e88        0x8 C:/ST/STM32CubeIDE_1.14.0/STM32CubeIDE/plugins/com.st.stm32cube.ide.mcu.externaltools.gnu-tools-for-stm32.11.3.rel1.win32_1.1.100.202309141235/tools/bin/../lib/gcc/arm-none-eabi/11.3.1/thumb/v7e-m+fp/hard\libgcc.a(_udivmoddi4.o)
                0x0000000008004e90                __exidx_end = .
                0x0000000008004e90                . = ALIGN (0x4)

.rel.dyn        0x0000000008004e90        0x0
 .rel.iplt      0x0000000008004e90        0x0 C:/ST/STM32CubeIDE_1.14.0/STM32CubeIDE/plugins/com.st.stm32cube.ide.mcu.externaltools.gnu-tools-for-stm32.11.3.rel1.win32_1.1.100.202309141235/tools/bin/../lib/gcc/arm-none-eabi/11.3.1/thumb/v7e-m+fp/hard/crtbegin.o

.preinit_array  0x0000000008004e90        0x0
                0x0000000008004e90                . = ALIGN (0x4)
                0x0000000008004e90                PROVIDE (__preinit_array_start = .)
 *(.preinit_array*)
                0x0000000008004e90                PROVIDE (__preinit_array_end = .)
                0x0000000008004e90                . = ALIGN (0x4)

.init_array     0x0000000008004e90        0x4
                0x0000000008004e90                . = ALIGN (0x4)
                0x0000000008004e90                PROVIDE (__init_array_start = .)
 *(SORT_BY_NAME(.init_array.*))
 *(.init_array*)
 .init_array    0x0000000008004e90        0x4 C:/ST/STM32CubeIDE_1.14.0/STM32CubeIDE/plugins/com.st.stm32cube.ide.mcu.externaltools.gnu-tools-for-stm32.11.3.rel1.win32_1.1.100.202309141235/tools/bin/../lib/gcc/arm-none-eabi/11.3.1/thumb/v7e-m+fp/hard/crtbegin.o
                0x0000000008004e94                PROVIDE (__init_array_end = .)
                0x0000000008004e94                . = ALIGN (0x4)

.fini_array     0x0000000008004e94        0x4
                0x0000000008004e94                . = ALIGN (0x4)
                [!provide]                        PROVIDE (__fini_array_start = .)
 *(SORT_BY_NAME(.fini_array.*))
 *(.fini_array*)
 .fini_array    0x0000000008004e94        0x4 C:/ST/STM32CubeIDE_1.14.0/STM32CubeIDE/plugins/com.st.stm32cube.ide.mcu.externaltools.gnu-tools-for-stm32.11.3.rel1.win32_1.1.100.202309141235/tools/bin/../lib/gcc/arm-none-eabi/11.3.1/thumb/v7e-m+fp/hard/crtbegin.o
                [!provide]                        PROVIDE (__fini_array_end = .)
                0x0000000008004e98                . = ALIGN (0x4)
                0x0000000008004e98                _sidata = LOADADDR (.data)

.data           0x0000000020000000        0xc load address 0x0000000008004e98
                0x0000000020000000                . = ALIGN (0x4)
                0x0000000020000000                _sdata = .
 *(.data)
 *(.data*)
 .data.SystemCoreClock
                0x0000000020000000        0x4 ./Core/Src/system_stm32l4xx.o
                0x0000000020000000                SystemCoreClock
 .data.uwTickPrio
                0x0000000020000004        0x4 ./Drivers/STM32L4xx_HAL_Driver/Src/stm32l4xx_hal.o
                0x0000000020000004                uwTickPrio
 .data.uwTickFreq
                0x0000000020000008        0x1 ./Drivers/STM32L4xx_HAL_Driver/Src/stm32l4xx_hal.o
                0x0000000020000008                uwTickFreq
 *(.RamFunc)
 *(.RamFunc*)
                0x000000002000000c                . = ALIGN (0x4)
 *fill*         0x0000000020000009        0x3 
                0x000000002000000c                _edata = .

.igot.plt       0x000000002000000c        0x0 load address 0x0000000008004ea4
 .igot.plt      0x000000002000000c        0x0 C:/ST/STM32CubeIDE_1.14.0/STM32CubeIDE/plugins/com.st.stm32cube.ide.mcu.externaltools.gnu-tools-for-stm32.11.3.rel1.win32_1.1.100.202309141235/tools/bin/../lib/gcc/arm-none-eabi/11.3.1/thumb/v7e-m+fp/hard/crtbegin.o
                0x000000002000000c                . = ALIGN (0x4)

.bss            0x000000002000000c      0x2a4 load address 0x0000000008004ea4
                0x000000002000000c                _sbss = .
                0x000000002000000c                __bss_start__ = _sbss
 *(.bss)
 .bss           0x000000002000000c       0x1c C:/ST/STM32CubeIDE_1.14.0/STM32CubeIDE/plugins/com.st.stm32cube.ide.mcu.externaltools.gnu-tools-for-stm32.11.3.rel1.win32_1.1.100.202309141235/tools/bin/../lib/gcc/arm-none-eabi/11.3.1/thumb/v7e-m+fp/hard/crtbegin.o
 *(.bss*)
 .bss.led_array
                0x0000000020000028       0x18 ./Core/Src/led_control.o
                0x0000000020000028                led_array
 .bss.buffer    0x0000000020000040       0xe9 ./Core/Src/led_control.o
                0x0000000020000040                buffer
 *fill*         0x0000000020000129        0x3 
 .bss.hspi1     0x000000002000012c       0x64 ./Core/Src/spi.o
                0x000000002000012c                hspi1
 .bss.htim3     0x0000000020000190       0x4c ./Core/Src/tim.o
                0x0000000020000190                htim3
 .bss.hdma_tim3_ch1_trig
                0x00000000200001dc       0x48 ./Core/Src/tim.o
                0x00000000200001dc                hdma_tim3_ch1_trig
 .bss.huart2    0x0000000020000224       0x88 ./Core/Src/usart.o
                0x0000000020000224                huart2
 .bss.uwTick    0x00000000200002ac        0x4 ./Drivers/STM32L4xx_HAL_Driver/Src/stm32l4xx_hal.o
                0x00000000200002ac                uwTick
 *(COMMON)
                0x00000000200002b0                . = ALIGN (0x4)
                0x00000000200002b0                _ebss = .
                0x00000000200002b0                __bss_end__ = _ebss

._user_heap_stack
                0x00000000200002b0      0x600 load address 0x0000000008004ea4
                0x00000000200002b0                . = ALIGN (0x8)
                [!provide]                        PROVIDE (end = .)
                0x00000000200002b0                PROVIDE (_end = .)
                0x00000000200004b0                . = (. + _Min_Heap_Size)
 *fill*         0x00000000200002b0      0x200 
                0x00000000200008b0                . = (. + _Min_Stack_Size)
 *fill*         0x00000000200004b0      0x400 
                0x00000000200008b0                . = ALIGN (0x8)

/DISCARD/
 libc.a(*)
 libm.a(*)
 libgcc.a(*)

.ARM.attributes
                0x0000000000000000       0x30
 *(.ARM.attributes)
 .ARM.attributes
                0x0000000000000000       0x1e C:/ST/STM32CubeIDE_1.14.0/STM32CubeIDE/plugins/com.st.stm32cube.ide.mcu.externaltools.gnu-tools-for-stm32.11.3.rel1.win32_1.1.100.202309141235/tools/bin/../lib/gcc/arm-none-eabi/11.3.1/thumb/v7e-m+fp/hard/crti.o
 .ARM.attributes
                0x000000000000001e       0x34 C:/ST/STM32CubeIDE_1.14.0/STM32CubeIDE/plugins/com.st.stm32cube.ide.mcu.externaltools.gnu-tools-for-stm32.11.3.rel1.win32_1.1.100.202309141235/tools/bin/../lib/gcc/arm-none-eabi/11.3.1/thumb/v7e-m+fp/hard/crtbegin.o
 .ARM.attributes
                0x0000000000000052       0x34 ./Core/Src/dma.o
 .ARM.attributes
                0x0000000000000086       0x34 ./Core/Src/gpio.o
 .ARM.attributes
                0x00000000000000ba       0x34 ./Core/Src/led_control.o
 .ARM.attributes
                0x00000000000000ee       0x34 ./Core/Src/main.o
 .ARM.attributes
                0x0000000000000122       0x34 ./Core/Src/spi.o
 .ARM.attributes
                0x0000000000000156       0x34 ./Core/Src/stm32l4xx_hal_msp.o
 .ARM.attributes
                0x000000000000018a       0x34 ./Core/Src/stm32l4xx_it.o
 .ARM.attributes
                0x00000000000001be       0x34 ./Core/Src/system_stm32l4xx.o
 .ARM.attributes
                0x00000000000001f2       0x34 ./Core/Src/tim.o
 .ARM.attributes
                0x0000000000000226       0x34 ./Core/Src/usart.o
 .ARM.attributes
                0x000000000000025a       0x21 ./Core/Startup/startup_stm32l476rgtx.o
 .ARM.attributes
                0x000000000000027b       0x34 ./Drivers/STM32L4xx_HAL_Driver/Src/stm32l4xx_hal.o
 .ARM.attributes
                0x00000000000002af       0x34 ./Drivers/STM32L4xx_HAL_Driver/Src/stm32l4xx_hal_cortex.o
 .ARM.attributes
                0x00000000000002e3       0x34 ./Drivers/STM32L4xx_HAL_Driver/Src/stm32l4xx_hal_dma.o
 .ARM.attributes
                0x0000000000000317       0x34 ./Drivers/STM32L4xx_HAL_Driver/Src/stm32l4xx_hal_gpio.o
 .ARM.attributes
                0x000000000000034b       0x34 ./Drivers/STM32L4xx_HAL_Driver/Src/stm32l4xx_hal_pwr_ex.o
 .ARM.attributes
                0x000000000000037f       0x34 ./Drivers/STM32L4xx_HAL_Driver/Src/stm32l4xx_hal_rcc.o
 .ARM.attributes
                0x00000000000003b3       0x34 ./Drivers/STM32L4xx_HAL_Driver/Src/stm32l4xx_hal_rcc_ex.o
 .ARM.attributes
                0x00000000000003e7       0x34 ./Drivers/STM32L4xx_HAL_Driver/Src/stm32l4xx_hal_spi.o
 .ARM.attributes
                0x000000000000041b       0x34 ./Drivers/STM32L4xx_HAL_Driver/Src/stm32l4xx_hal_tim.o
 .ARM.attributes
                0x000000000000044f       0x34 ./Drivers/STM32L4xx_HAL_Driver/Src/stm32l4xx_hal_tim_ex.o
 .ARM.attributes
                0x0000000000000483       0x34 ./Drivers/STM32L4xx_HAL_Driver/Src/stm32l4xx_hal_uart.o
 .ARM.attributes
                0x00000000000004b7       0x34 C:/ST/STM32CubeIDE_1.14.0/STM32CubeIDE/plugins/com.st.stm32cube.ide.mcu.externaltools.gnu-tools-for-stm32.11.3.rel1.win32_1.1.100.202309141235/tools/bin/../lib/gcc/arm-none-eabi/11.3.1/../../../../arm-none-eabi/lib/thumb/v7e-m+fp/hard\libc_nano.a(libc_a-memset.o)
 .ARM.attributes
                0x00000000000004eb       0x34 C:/ST/STM32CubeIDE_1.14.0/STM32CubeIDE/plugins/com.st.stm32cube.ide.mcu.externaltools.gnu-tools-for-stm32.11.3.rel1.win32_1.1.100.202309141235/tools/bin/../lib/gcc/arm-none-eabi/11.3.1/../../../../arm-none-eabi/lib/thumb/v7e-m+fp/hard\libc_nano.a(libc_a-init.o)
 .ARM.attributes
                0x000000000000051f       0x1e C:/ST/STM32CubeIDE_1.14.0/STM32CubeIDE/plugins/com.st.stm32cube.ide.mcu.externaltools.gnu-tools-for-stm32.11.3.rel1.win32_1.1.100.202309141235/tools/bin/../lib/gcc/arm-none-eabi/11.3.1/thumb/v7e-m+fp/hard\libgcc.a(_aeabi_uldivmod.o)
 .ARM.attributes
                0x000000000000053d       0x34 C:/ST/STM32CubeIDE_1.14.0/STM32CubeIDE/plugins/com.st.stm32cube.ide.mcu.externaltools.gnu-tools-for-stm32.11.3.rel1.win32_1.1.100.202309141235/tools/bin/../lib/gcc/arm-none-eabi/11.3.1/thumb/v7e-m+fp/hard\libgcc.a(_udivmoddi4.o)
 .ARM.attributes
                0x0000000000000571       0x1e C:/ST/STM32CubeIDE_1.14.0/STM32CubeIDE/plugins/com.st.stm32cube.ide.mcu.externaltools.gnu-tools-for-stm32.11.3.rel1.win32_1.1.100.202309141235/tools/bin/../lib/gcc/arm-none-eabi/11.3.1/thumb/v7e-m+fp/hard\libgcc.a(_dvmd_tls.o)
 .ARM.attributes
                0x000000000000058f       0x1e C:/ST/STM32CubeIDE_1.14.0/STM32CubeIDE/plugins/com.st.stm32cube.ide.mcu.externaltools.gnu-tools-for-stm32.11.3.rel1.win32_1.1.100.202309141235/tools/bin/../lib/gcc/arm-none-eabi/11.3.1/thumb/v7e-m+fp/hard/crtn.o
OUTPUT(SmartLED_playground.elf elf32-littlearm)
LOAD linker stubs
LOAD C:/ST/STM32CubeIDE_1.14.0/STM32CubeIDE/plugins/com.st.stm32cube.ide.mcu.externaltools.gnu-tools-for-stm32.11.3.rel1.win32_1.1.100.202309141235/tools/bin/../lib/gcc/arm-none-eabi/11.3.1/../../../../arm-none-eabi/lib/thumb/v7e-m+fp/hard\libc.a
LOAD C:/ST/STM32CubeIDE_1.14.0/STM32CubeIDE/plugins/com.st.stm32cube.ide.mcu.externaltools.gnu-tools-for-stm32.11.3.rel1.win32_1.1.100.202309141235/tools/bin/../lib/gcc/arm-none-eabi/11.3.1/../../../../arm-none-eabi/lib/thumb/v7e-m+fp/hard\libm.a
LOAD C:/ST/STM32CubeIDE_1.14.0/STM32CubeIDE/plugins/com.st.stm32cube.ide.mcu.externaltools.gnu-tools-for-stm32.11.3.rel1.win32_1.1.100.202309141235/tools/bin/../lib/gcc/arm-none-eabi/11.3.1/thumb/v7e-m+fp/hard\libgcc.a

.comment        0x0000000000000000       0x43
 .comment       0x0000000000000000       0x43 C:/ST/STM32CubeIDE_1.14.0/STM32CubeIDE/plugins/com.st.stm32cube.ide.mcu.externaltools.gnu-tools-for-stm32.11.3.rel1.win32_1.1.100.202309141235/tools/bin/../lib/gcc/arm-none-eabi/11.3.1/thumb/v7e-m+fp/hard/crtbegin.o
                                         0x44 (size before relaxing)
 .comment       0x0000000000000043       0x44 ./Core/Src/dma.o
 .comment       0x0000000000000043       0x44 ./Core/Src/gpio.o
 .comment       0x0000000000000043       0x44 ./Core/Src/led_control.o
 .comment       0x0000000000000043       0x44 ./Core/Src/main.o
 .comment       0x0000000000000043       0x44 ./Core/Src/spi.o
 .comment       0x0000000000000043       0x44 ./Core/Src/stm32l4xx_hal_msp.o
 .comment       0x0000000000000043       0x44 ./Core/Src/stm32l4xx_it.o
 .comment       0x0000000000000043       0x44 ./Core/Src/system_stm32l4xx.o
 .comment       0x0000000000000043       0x44 ./Core/Src/tim.o
 .comment       0x0000000000000043       0x44 ./Core/Src/usart.o
 .comment       0x0000000000000043       0x44 ./Drivers/STM32L4xx_HAL_Driver/Src/stm32l4xx_hal.o
 .comment       0x0000000000000043       0x44 ./Drivers/STM32L4xx_HAL_Driver/Src/stm32l4xx_hal_cortex.o
 .comment       0x0000000000000043       0x44 ./Drivers/STM32L4xx_HAL_Driver/Src/stm32l4xx_hal_dma.o
 .comment       0x0000000000000043       0x44 ./Drivers/STM32L4xx_HAL_Driver/Src/stm32l4xx_hal_gpio.o
 .comment       0x0000000000000043       0x44 ./Drivers/STM32L4xx_HAL_Driver/Src/stm32l4xx_hal_pwr_ex.o
 .comment       0x0000000000000043       0x44 ./Drivers/STM32L4xx_HAL_Driver/Src/stm32l4xx_hal_rcc.o
 .comment       0x0000000000000043       0x44 ./Drivers/STM32L4xx_HAL_Driver/Src/stm32l4xx_hal_rcc_ex.o
 .comment       0x0000000000000043       0x44 ./Drivers/STM32L4xx_HAL_Driver/Src/stm32l4xx_hal_spi.o
 .comment       0x0000000000000043       0x44 ./Drivers/STM32L4xx_HAL_Driver/Src/stm32l4xx_hal_tim.o
 .comment       0x0000000000000043       0x44 ./Drivers/STM32L4xx_HAL_Driver/Src/stm32l4xx_hal_tim_ex.o
 .comment       0x0000000000000043       0x44 ./Drivers/STM32L4xx_HAL_Driver/Src/stm32l4xx_hal_uart.o

.debug_info     0x0000000000000000    0x1254e
 .debug_info    0x0000000000000000      0x503 ./Core/Src/dma.o
 .debug_info    0x0000000000000503      0x433 ./Core/Src/gpio.o
 .debug_info    0x0000000000000936      0x724 ./Core/Src/led_control.o
 .debug_info    0x000000000000105a      0x924 ./Core/Src/main.o
 .debug_info    0x000000000000197e      0x985 ./Core/Src/spi.o
 .debug_info    0x0000000000002303      0x2b9 ./Core/Src/stm32l4xx_hal_msp.o
 .debug_info    0x00000000000025bc      0x36a ./Core/Src/stm32l4xx_it.o
 .debug_info    0x0000000000002926      0x5b1 ./Core/Src/system_stm32l4xx.o
 .debug_info    0x0000000000002ed7      0xcd5 ./Core/Src/tim.o
 .debug_info    0x0000000000003bac      0xd1b ./Core/Src/usart.o
 .debug_info    0x00000000000048c7       0x23 ./Core/Startup/startup_stm32l476rgtx.o
 .debug_info    0x00000000000048ea      0xaeb ./Drivers/STM32L4xx_HAL_Driver/Src/stm32l4xx_hal.o
 .debug_info    0x00000000000053d5      0xd81 ./Drivers/STM32L4xx_HAL_Driver/Src/stm32l4xx_hal_cortex.o
 .debug_info    0x0000000000006156      0x6f4 ./Drivers/STM32L4xx_HAL_Driver/Src/stm32l4xx_hal_dma.o
 .debug_info    0x000000000000684a      0x757 ./Drivers/STM32L4xx_HAL_Driver/Src/stm32l4xx_hal_gpio.o
 .debug_info    0x0000000000006fa1      0x99e ./Drivers/STM32L4xx_HAL_Driver/Src/stm32l4xx_hal_pwr_ex.o
 .debug_info    0x000000000000793f      0xc14 ./Drivers/STM32L4xx_HAL_Driver/Src/stm32l4xx_hal_rcc.o
 .debug_info    0x0000000000008553      0xe11 ./Drivers/STM32L4xx_HAL_Driver/Src/stm32l4xx_hal_rcc_ex.o
 .debug_info    0x0000000000009364     0x1549 ./Drivers/STM32L4xx_HAL_Driver/Src/stm32l4xx_hal_spi.o
 .debug_info    0x000000000000a8ad     0x2a9a ./Drivers/STM32L4xx_HAL_Driver/Src/stm32l4xx_hal_tim.o
 .debug_info    0x000000000000d347     0x169e ./Drivers/STM32L4xx_HAL_Driver/Src/stm32l4xx_hal_tim_ex.o
 .debug_info    0x000000000000e9e5     0x3b69 ./Drivers/STM32L4xx_HAL_Driver/Src/stm32l4xx_hal_uart.o

.debug_abbrev   0x0000000000000000     0x2a46
 .debug_abbrev  0x0000000000000000       0xfc ./Core/Src/dma.o
 .debug_abbrev  0x00000000000000fc      0x134 ./Core/Src/gpio.o
 .debug_abbrev  0x0000000000000230      0x1e0 ./Core/Src/led_control.o
 .debug_abbrev  0x0000000000000410      0x234 ./Core/Src/main.o
 .debug_abbrev  0x0000000000000644      0x1fa ./Core/Src/spi.o
 .debug_abbrev  0x000000000000083e       0xc6 ./Core/Src/stm32l4xx_hal_msp.o
 .debug_abbrev  0x0000000000000904      0x16e ./Core/Src/stm32l4xx_it.o
 .debug_abbrev  0x0000000000000a72      0x11a ./Core/Src/system_stm32l4xx.o
 .debug_abbrev  0x0000000000000b8c      0x211 ./Core/Src/tim.o
 .debug_abbrev  0x0000000000000d9d      0x1f5 ./Core/Src/usart.o
 .debug_abbrev  0x0000000000000f92       0x12 ./Core/Startup/startup_stm32l476rgtx.o
 .debug_abbrev  0x0000000000000fa4      0x242 ./Drivers/STM32L4xx_HAL_Driver/Src/stm32l4xx_hal.o
 .debug_abbrev  0x00000000000011e6      0x31c ./Drivers/STM32L4xx_HAL_Driver/Src/stm32l4xx_hal_cortex.o
 .debug_abbrev  0x0000000000001502      0x1e4 ./Drivers/STM32L4xx_HAL_Driver/Src/stm32l4xx_hal_dma.o
 .debug_abbrev  0x00000000000016e6      0x1cb ./Drivers/STM32L4xx_HAL_Driver/Src/stm32l4xx_hal_gpio.o
 .debug_abbrev  0x00000000000018b1      0x1f9 ./Drivers/STM32L4xx_HAL_Driver/Src/stm32l4xx_hal_pwr_ex.o
 .debug_abbrev  0x0000000000001aaa      0x2cb ./Drivers/STM32L4xx_HAL_Driver/Src/stm32l4xx_hal_rcc.o
 .debug_abbrev  0x0000000000001d75      0x2a6 ./Drivers/STM32L4xx_HAL_Driver/Src/stm32l4xx_hal_rcc_ex.o
 .debug_abbrev  0x000000000000201b      0x260 ./Drivers/STM32L4xx_HAL_Driver/Src/stm32l4xx_hal_spi.o
 .debug_abbrev  0x000000000000227b      0x278 ./Drivers/STM32L4xx_HAL_Driver/Src/stm32l4xx_hal_tim.o
 .debug_abbrev  0x00000000000024f3      0x283 ./Drivers/STM32L4xx_HAL_Driver/Src/stm32l4xx_hal_tim_ex.o
 .debug_abbrev  0x0000000000002776      0x2d0 ./Drivers/STM32L4xx_HAL_Driver/Src/stm32l4xx_hal_uart.o

.debug_aranges  0x0000000000000000     0x1150
 .debug_aranges
                0x0000000000000000       0x20 ./Core/Src/dma.o
 .debug_aranges
                0x0000000000000020       0x20 ./Core/Src/gpio.o
 .debug_aranges
                0x0000000000000040       0x30 ./Core/Src/led_control.o
 .debug_aranges
                0x0000000000000070       0x30 ./Core/Src/main.o
 .debug_aranges
                0x00000000000000a0       0x30 ./Core/Src/spi.o
 .debug_aranges
                0x00000000000000d0       0x20 ./Core/Src/stm32l4xx_hal_msp.o
 .debug_aranges
                0x00000000000000f0       0x68 ./Core/Src/stm32l4xx_it.o
 .debug_aranges
                0x0000000000000158       0x28 ./Core/Src/system_stm32l4xx.o
 .debug_aranges
                0x0000000000000180       0x38 ./Core/Src/tim.o
 .debug_aranges
                0x00000000000001b8       0x30 ./Core/Src/usart.o
 .debug_aranges
                0x00000000000001e8       0x28 ./Core/Startup/startup_stm32l476rgtx.o
 .debug_aranges
                0x0000000000000210      0x130 ./Drivers/STM32L4xx_HAL_Driver/Src/stm32l4xx_hal.o
 .debug_aranges
                0x0000000000000340      0x128 ./Drivers/STM32L4xx_HAL_Driver/Src/stm32l4xx_hal_cortex.o
 .debug_aranges
                0x0000000000000468       0x80 ./Drivers/STM32L4xx_HAL_Driver/Src/stm32l4xx_hal_dma.o
 .debug_aranges
                0x00000000000004e8       0x58 ./Drivers/STM32L4xx_HAL_Driver/Src/stm32l4xx_hal_gpio.o
 .debug_aranges
                0x0000000000000540      0x160 ./Drivers/STM32L4xx_HAL_Driver/Src/stm32l4xx_hal_pwr_ex.o
 .debug_aranges
                0x00000000000006a0       0x90 ./Drivers/STM32L4xx_HAL_Driver/Src/stm32l4xx_hal_rcc.o
 .debug_aranges
                0x0000000000000730       0xc0 ./Drivers/STM32L4xx_HAL_Driver/Src/stm32l4xx_hal_rcc_ex.o
 .debug_aranges
                0x00000000000007f0      0x1d8 ./Drivers/STM32L4xx_HAL_Driver/Src/stm32l4xx_hal_spi.o
 .debug_aranges
                0x00000000000009c8      0x3e0 ./Drivers/STM32L4xx_HAL_Driver/Src/stm32l4xx_hal_tim.o
 .debug_aranges
                0x0000000000000da8      0x180 ./Drivers/STM32L4xx_HAL_Driver/Src/stm32l4xx_hal_tim_ex.o
 .debug_aranges
                0x0000000000000f28      0x228 ./Drivers/STM32L4xx_HAL_Driver/Src/stm32l4xx_hal_uart.o

.debug_rnglists
                0x0000000000000000      0xd79
 .debug_rnglists
                0x0000000000000000       0x13 ./Core/Src/dma.o
 .debug_rnglists
                0x0000000000000013       0x14 ./Core/Src/gpio.o
 .debug_rnglists
                0x0000000000000027       0x20 ./Core/Src/led_control.o
 .debug_rnglists
                0x0000000000000047       0x21 ./Core/Src/main.o
 .debug_rnglists
                0x0000000000000068       0x20 ./Core/Src/spi.o
 .debug_rnglists
                0x0000000000000088       0x13 ./Core/Src/stm32l4xx_hal_msp.o
 .debug_rnglists
                0x000000000000009b       0x49 ./Core/Src/stm32l4xx_it.o
 .debug_rnglists
                0x00000000000000e4       0x1a ./Core/Src/system_stm32l4xx.o
 .debug_rnglists
                0x00000000000000fe       0x27 ./Core/Src/tim.o
 .debug_rnglists
                0x0000000000000125       0x20 ./Core/Src/usart.o
 .debug_rnglists
                0x0000000000000145       0x19 ./Core/Startup/startup_stm32l476rgtx.o
 .debug_rnglists
                0x000000000000015e       0xdf ./Drivers/STM32L4xx_HAL_Driver/Src/stm32l4xx_hal.o
 .debug_rnglists
                0x000000000000023d       0xda ./Drivers/STM32L4xx_HAL_Driver/Src/stm32l4xx_hal_cortex.o
 .debug_rnglists
                0x0000000000000317       0x64 ./Drivers/STM32L4xx_HAL_Driver/Src/stm32l4xx_hal_dma.o
 .debug_rnglists
                0x000000000000037b       0x3f ./Drivers/STM32L4xx_HAL_Driver/Src/stm32l4xx_hal_gpio.o
 .debug_rnglists
                0x00000000000003ba      0x109 ./Drivers/STM32L4xx_HAL_Driver/Src/stm32l4xx_hal_pwr_ex.o
 .debug_rnglists
                0x00000000000004c3       0x6d ./Drivers/STM32L4xx_HAL_Driver/Src/stm32l4xx_hal_rcc.o
 .debug_rnglists
                0x0000000000000530       0x95 ./Drivers/STM32L4xx_HAL_Driver/Src/stm32l4xx_hal_rcc_ex.o
 .debug_rnglists
                0x00000000000005c5      0x178 ./Drivers/STM32L4xx_HAL_Driver/Src/stm32l4xx_hal_spi.o
 .debug_rnglists
                0x000000000000073d      0x328 ./Drivers/STM32L4xx_HAL_Driver/Src/stm32l4xx_hal_tim.o
 .debug_rnglists
                0x0000000000000a65      0x139 ./Drivers/STM32L4xx_HAL_Driver/Src/stm32l4xx_hal_tim_ex.o
 .debug_rnglists
                0x0000000000000b9e      0x1db ./Drivers/STM32L4xx_HAL_Driver/Src/stm32l4xx_hal_uart.o

.debug_macro    0x0000000000000000    0x270c8
 .debug_macro   0x0000000000000000      0x1ee ./Core/Src/dma.o
 .debug_macro   0x00000000000001ee      0xaa8 ./Core/Src/dma.o
 .debug_macro   0x0000000000000c96      0x1ad ./Core/Src/dma.o
 .debug_macro   0x0000000000000e43       0x2e ./Core/Src/dma.o
 .debug_macro   0x0000000000000e71       0x28 ./Core/Src/dma.o
 .debug_macro   0x0000000000000e99       0x22 ./Core/Src/dma.o
 .debug_macro   0x0000000000000ebb       0x8e ./Core/Src/dma.o
 .debug_macro   0x0000000000000f49       0x51 ./Core/Src/dma.o
 .debug_macro   0x0000000000000f9a      0x103 ./Core/Src/dma.o
 .debug_macro   0x000000000000109d       0x6a ./Core/Src/dma.o
 .debug_macro   0x0000000000001107      0x1df ./Core/Src/dma.o
 .debug_macro   0x00000000000012e6       0x1c ./Core/Src/dma.o
 .debug_macro   0x0000000000001302       0x22 ./Core/Src/dma.o
 .debug_macro   0x0000000000001324       0xfb ./Core/Src/dma.o
 .debug_macro   0x000000000000141f     0x1011 ./Core/Src/dma.o
 .debug_macro   0x0000000000002430      0x11f ./Core/Src/dma.o
 .debug_macro   0x000000000000254f    0x1a17a ./Core/Src/dma.o
 .debug_macro   0x000000000001c6c9       0x6d ./Core/Src/dma.o
 .debug_macro   0x000000000001c736     0x38fb ./Core/Src/dma.o
 .debug_macro   0x0000000000020031      0x174 ./Core/Src/dma.o
 .debug_macro   0x00000000000201a5       0x5c ./Core/Src/dma.o
 .debug_macro   0x0000000000020201     0x159e ./Core/Src/dma.o
 .debug_macro   0x000000000002179f      0x5a5 ./Core/Src/dma.o
 .debug_macro   0x0000000000021d44      0x1b9 ./Core/Src/dma.o
 .debug_macro   0x0000000000021efd      0x18b ./Core/Src/dma.o
 .debug_macro   0x0000000000022088      0x26b ./Core/Src/dma.o
 .debug_macro   0x00000000000222f3      0x23d ./Core/Src/dma.o
 .debug_macro   0x0000000000022530      0x241 ./Core/Src/dma.o
 .debug_macro   0x0000000000022771      0x37c ./Core/Src/dma.o
 .debug_macro   0x0000000000022aed       0xd6 ./Core/Src/dma.o
 .debug_macro   0x0000000000022bc3      0x122 ./Core/Src/dma.o
 .debug_macro   0x0000000000022ce5      0x3ef ./Core/Src/dma.o
 .debug_macro   0x00000000000230d4      0x2fe ./Core/Src/dma.o
 .debug_macro   0x00000000000233d2      0xa98 ./Core/Src/dma.o
 .debug_macro   0x0000000000023e6a      0x1e6 ./Core/Src/dma.o
 .debug_macro   0x0000000000024050      0x5cf ./Core/Src/dma.o
 .debug_macro   0x000000000002461f       0x44 ./Core/Src/dma.o
 .debug_macro   0x0000000000024663      0x330 ./Core/Src/dma.o
 .debug_macro   0x0000000000024993       0x4c ./Core/Src/dma.o
 .debug_macro   0x00000000000249df      0x1ee ./Core/Src/gpio.o
 .debug_macro   0x0000000000024bcd      0x1fb ./Core/Src/led_control.o
 .debug_macro   0x0000000000024dc8       0x1c ./Core/Src/led_control.o
 .debug_macro   0x0000000000024de4      0x227 ./Core/Src/main.o
 .debug_macro   0x000000000002500b      0x1ee ./Core/Src/spi.o
 .debug_macro   0x00000000000251f9      0x1e4 ./Core/Src/stm32l4xx_hal_msp.o
 .debug_macro   0x00000000000253dd      0x1ee ./Core/Src/stm32l4xx_it.o
 .debug_macro   0x00000000000255cb      0x1d5 ./Core/Src/system_stm32l4xx.o
 .debug_macro   0x00000000000257a0      0x1ee ./Core/Src/tim.o
 .debug_macro   0x000000000002598e      0x1ee ./Core/Src/usart.o
 .debug_macro   0x0000000000025b7c      0x223 ./Drivers/STM32L4xx_HAL_Driver/Src/stm32l4xx_hal.o
 .debug_macro   0x0000000000025d9f      0x1d5 ./Drivers/STM32L4xx_HAL_Driver/Src/stm32l4xx_hal_cortex.o
 .debug_macro   0x0000000000025f74      0x1d5 ./Drivers/STM32L4xx_HAL_Driver/Src/stm32l4xx_hal_dma.o
 .debug_macro   0x0000000000026149      0x1dc ./Drivers/STM32L4xx_HAL_Driver/Src/stm32l4xx_hal_gpio.o
 .debug_macro   0x0000000000026325      0x1f9 ./Drivers/STM32L4xx_HAL_Driver/Src/stm32l4xx_hal_pwr_ex.o
 .debug_macro   0x000000000002651e      0x217 ./Drivers/STM32L4xx_HAL_Driver/Src/stm32l4xx_hal_rcc.o
 .debug_macro   0x0000000000026735      0x20b ./Drivers/STM32L4xx_HAL_Driver/Src/stm32l4xx_hal_rcc_ex.o
 .debug_macro   0x0000000000026940      0x1dd ./Drivers/STM32L4xx_HAL_Driver/Src/stm32l4xx_hal_spi.o
 .debug_macro   0x0000000000026b1d      0x1d6 ./Drivers/STM32L4xx_HAL_Driver/Src/stm32l4xx_hal_tim.o
 .debug_macro   0x0000000000026cf3      0x1d5 ./Drivers/STM32L4xx_HAL_Driver/Src/stm32l4xx_hal_tim_ex.o
 .debug_macro   0x0000000000026ec8      0x200 ./Drivers/STM32L4xx_HAL_Driver/Src/stm32l4xx_hal_uart.o

.debug_line     0x0000000000000000    0x16354
 .debug_line    0x0000000000000000      0x77c ./Core/Src/dma.o
 .debug_line    0x000000000000077c      0x78c ./Core/Src/gpio.o
 .debug_line    0x0000000000000f08      0x878 ./Core/Src/led_control.o
 .debug_line    0x0000000000001780      0x912 ./Core/Src/main.o
 .debug_line    0x0000000000002092      0x7f9 ./Core/Src/spi.o
 .debug_line    0x000000000000288b      0x781 ./Core/Src/stm32l4xx_hal_msp.o
 .debug_line    0x000000000000300c      0x85b ./Core/Src/stm32l4xx_it.o
 .debug_line    0x0000000000003867      0x818 ./Core/Src/system_stm32l4xx.o
 .debug_line    0x000000000000407f      0x864 ./Core/Src/tim.o
 .debug_line    0x00000000000048e3      0x802 ./Core/Src/usart.o
 .debug_line    0x00000000000050e5       0x7a ./Core/Startup/startup_stm32l476rgtx.o
 .debug_line    0x000000000000515f      0xb70 ./Drivers/STM32L4xx_HAL_Driver/Src/stm32l4xx_hal.o
 .debug_line    0x0000000000005ccf      0xd45 ./Drivers/STM32L4xx_HAL_Driver/Src/stm32l4xx_hal_cortex.o
 .debug_line    0x0000000000006a14      0xd61 ./Drivers/STM32L4xx_HAL_Driver/Src/stm32l4xx_hal_dma.o
 .debug_line    0x0000000000007775      0xbe4 ./Drivers/STM32L4xx_HAL_Driver/Src/stm32l4xx_hal_gpio.o
 .debug_line    0x0000000000008359      0xd68 ./Drivers/STM32L4xx_HAL_Driver/Src/stm32l4xx_hal_pwr_ex.o
 .debug_line    0x00000000000090c1      0xfe9 ./Drivers/STM32L4xx_HAL_Driver/Src/stm32l4xx_hal_rcc.o
 .debug_line    0x000000000000a0aa     0x1561 ./Drivers/STM32L4xx_HAL_Driver/Src/stm32l4xx_hal_rcc_ex.o
 .debug_line    0x000000000000b60b     0x2001 ./Drivers/STM32L4xx_HAL_Driver/Src/stm32l4xx_hal_spi.o
 .debug_line    0x000000000000d60c     0x3e61 ./Drivers/STM32L4xx_HAL_Driver/Src/stm32l4xx_hal_tim.o
 .debug_line    0x000000000001146d     0x1c6f ./Drivers/STM32L4xx_HAL_Driver/Src/stm32l4xx_hal_tim_ex.o
 .debug_line    0x00000000000130dc     0x3278 ./Drivers/STM32L4xx_HAL_Driver/Src/stm32l4xx_hal_uart.o

.debug_str      0x0000000000000000    0xf0f33
 .debug_str     0x0000000000000000    0xec094 ./Core/Src/dma.o
                                      0xec3c5 (size before relaxing)
 .debug_str     0x00000000000ec094       0xb2 ./Core/Src/gpio.o
                                      0xebf49 (size before relaxing)
 .debug_str     0x00000000000ec146      0x4b2 ./Core/Src/led_control.o
                                      0xec26f (size before relaxing)
 .debug_str     0x00000000000ec5f8      0x2b0 ./Core/Src/main.o
                                      0xec4e4 (size before relaxing)
 .debug_str     0x00000000000ec8a8       0x4e ./Core/Src/spi.o
                                      0xec3b1 (size before relaxing)
 .debug_str     0x00000000000ec8f6       0x2c ./Core/Src/stm32l4xx_hal_msp.o
                                      0xebeb5 (size before relaxing)
 .debug_str     0x00000000000ec922      0x108 ./Core/Src/stm32l4xx_it.o
                                      0xec020 (size before relaxing)
 .debug_str     0x00000000000eca2a       0xf2 ./Core/Src/system_stm32l4xx.o
                                      0xebe7d (size before relaxing)
 .debug_str     0x00000000000ecb1c      0x4bc ./Core/Src/tim.o
                                      0xec6c6 (size before relaxing)
 .debug_str     0x00000000000ecfd8      0x47f ./Core/Src/usart.o
                                      0xec6af (size before relaxing)
 .debug_str     0x00000000000ed457       0x34 ./Core/Startup/startup_stm32l476rgtx.o
                                         0xac (size before relaxing)
 .debug_str     0x00000000000ed48b      0x636 ./Drivers/STM32L4xx_HAL_Driver/Src/stm32l4xx_hal.o
                                      0xeca10 (size before relaxing)
 .debug_str     0x00000000000edac1      0x369 ./Drivers/STM32L4xx_HAL_Driver/Src/stm32l4xx_hal_cortex.o
                                      0xec6f6 (size before relaxing)
 .debug_str     0x00000000000ede2a      0x224 ./Drivers/STM32L4xx_HAL_Driver/Src/stm32l4xx_hal_dma.o
                                      0xec0e7 (size before relaxing)
 .debug_str     0x00000000000ee04e      0x15f ./Drivers/STM32L4xx_HAL_Driver/Src/stm32l4xx_hal_gpio.o
                                      0xebff6 (size before relaxing)
 .debug_str     0x00000000000ee1ad      0x4e3 ./Drivers/STM32L4xx_HAL_Driver/Src/stm32l4xx_hal_pwr_ex.o
                                      0xec3d8 (size before relaxing)
 .debug_str     0x00000000000ee690      0x3ac ./Drivers/STM32L4xx_HAL_Driver/Src/stm32l4xx_hal_rcc.o
                                      0xec4c3 (size before relaxing)
 .debug_str     0x00000000000eea3c      0x3bf ./Drivers/STM32L4xx_HAL_Driver/Src/stm32l4xx_hal_rcc_ex.o
                                      0xec63c (size before relaxing)
 .debug_str     0x00000000000eedfb      0x576 ./Drivers/STM32L4xx_HAL_Driver/Src/stm32l4xx_hal_spi.o
                                      0xec698 (size before relaxing)
 .debug_str     0x00000000000ef371      0xda0 ./Drivers/STM32L4xx_HAL_Driver/Src/stm32l4xx_hal_tim.o
                                      0xed1bd (size before relaxing)
 .debug_str     0x00000000000f0111      0x588 ./Drivers/STM32L4xx_HAL_Driver/Src/stm32l4xx_hal_tim_ex.o
                                      0xecad1 (size before relaxing)
 .debug_str     0x00000000000f0699      0x89a ./Drivers/STM32L4xx_HAL_Driver/Src/stm32l4xx_hal_uart.o
                                      0xecbd5 (size before relaxing)

.debug_frame    0x0000000000000000     0x47c0
 .debug_frame   0x0000000000000000       0x34 ./Core/Src/dma.o
 .debug_frame   0x0000000000000034       0x34 ./Core/Src/gpio.o
 .debug_frame   0x0000000000000068       0x78 ./Core/Src/led_control.o
 .debug_frame   0x00000000000000e0       0x6c ./Core/Src/main.o
 .debug_frame   0x000000000000014c       0x74 ./Core/Src/spi.o
 .debug_frame   0x00000000000001c0       0x38 ./Core/Src/stm32l4xx_hal_msp.o
 .debug_frame   0x00000000000001f8      0x120 ./Core/Src/stm32l4xx_it.o
 .debug_frame   0x0000000000000318       0x58 ./Core/Src/system_stm32l4xx.o
 .debug_frame   0x0000000000000370       0xa0 ./Core/Src/tim.o
 .debug_frame   0x0000000000000410       0x78 ./Core/Src/usart.o
 .debug_frame   0x0000000000000488      0x498 ./Drivers/STM32L4xx_HAL_Driver/Src/stm32l4xx_hal.o
 .debug_frame   0x0000000000000920      0x4e8 ./Drivers/STM32L4xx_HAL_Driver/Src/stm32l4xx_hal_cortex.o
 .debug_frame   0x0000000000000e08      0x204 ./Drivers/STM32L4xx_HAL_Driver/Src/stm32l4xx_hal_dma.o
 .debug_frame   0x000000000000100c      0x14c ./Drivers/STM32L4xx_HAL_Driver/Src/stm32l4xx_hal_gpio.o
 .debug_frame   0x0000000000001158      0x584 ./Drivers/STM32L4xx_HAL_Driver/Src/stm32l4xx_hal_pwr_ex.o
 .debug_frame   0x00000000000016dc      0x21c ./Drivers/STM32L4xx_HAL_Driver/Src/stm32l4xx_hal_rcc.o
 .debug_frame   0x00000000000018f8      0x2fc ./Drivers/STM32L4xx_HAL_Driver/Src/stm32l4xx_hal_rcc_ex.o
 .debug_frame   0x0000000000001bf4      0x860 ./Drivers/STM32L4xx_HAL_Driver/Src/stm32l4xx_hal_spi.o
 .debug_frame   0x0000000000002454     0x121c ./Drivers/STM32L4xx_HAL_Driver/Src/stm32l4xx_hal_tim.o
 .debug_frame   0x0000000000003670      0x6b0 ./Drivers/STM32L4xx_HAL_Driver/Src/stm32l4xx_hal_tim_ex.o
 .debug_frame   0x0000000000003d20      0x9f4 ./Drivers/STM32L4xx_HAL_Driver/Src/stm32l4xx_hal_uart.o
 .debug_frame   0x0000000000004714       0x20 C:/ST/STM32CubeIDE_1.14.0/STM32CubeIDE/plugins/com.st.stm32cube.ide.mcu.externaltools.gnu-tools-for-stm32.11.3.rel1.win32_1.1.100.202309141235/tools/bin/../lib/gcc/arm-none-eabi/11.3.1/../../../../arm-none-eabi/lib/thumb/v7e-m+fp/hard\libc_nano.a(libc_a-memset.o)
 .debug_frame   0x0000000000004734       0x2c C:/ST/STM32CubeIDE_1.14.0/STM32CubeIDE/plugins/com.st.stm32cube.ide.mcu.externaltools.gnu-tools-for-stm32.11.3.rel1.win32_1.1.100.202309141235/tools/bin/../lib/gcc/arm-none-eabi/11.3.1/../../../../arm-none-eabi/lib/thumb/v7e-m+fp/hard\libc_nano.a(libc_a-init.o)
 .debug_frame   0x0000000000004760       0x2c C:/ST/STM32CubeIDE_1.14.0/STM32CubeIDE/plugins/com.st.stm32cube.ide.mcu.externaltools.gnu-tools-for-stm32.11.3.rel1.win32_1.1.100.202309141235/tools/bin/../lib/gcc/arm-none-eabi/11.3.1/thumb/v7e-m+fp/hard\libgcc.a(_aeabi_uldivmod.o)
 .debug_frame   0x000000000000478c       0x34 C:/ST/STM32CubeIDE_1.14.0/STM32CubeIDE/plugins/com.st.stm32cube.ide.mcu.externaltools.gnu-tools-for-stm32.11.3.rel1.win32_1.1.100.202309141235/tools/bin/../lib/gcc/arm-none-eabi/11.3.1/thumb/v7e-m+fp/hard\libgcc.a(_udivmoddi4.o)

.debug_line_str
                0x0000000000000000       0xa0
 .debug_line_str
                0x0000000000000000       0xa0 ./Core/Startup/startup_stm32l476rgtx.o
                                         0xb8 (size before relaxing)
